// Jest Snapshot v1, https://goo.gl/fbAQLP

exports[`Should render not found page 1`] = `
<div>
  <p>
    404! 
    <[object Object]
      to="/"
    >
      Go to homepage
    </[object Object]>
  </p>
</div>
`;
